case "`sed 1q ./.depends 2>/dev/null`" in \
''): >> ./.depends;; esac
make -s -f Makefile.build build-dir DIR=. V=0
  CC core/acpi.o
  CC core/acpi_dsdt.o
  CC core/ap.o
  CC core/assert.o
  CC core/beep.o
  CC core/cache.o
  CC core/callrealmode.o
  CC core/calluefi.o
  CC core/config.o
  CC core/cpu.o
  CC core/cpu_emul.o
  CC core/cpu_interpreter.o
  CC core/cpu_mmu.o
  CC core/cpu_mmu_spt.o
  CC core/cpu_seg.o
  CC core/cpu_stack.o
  CC core/cpuid.o
  CC core/cpuid_pass.o
  CC core/current.o
  CC core/debug.o
  CC core/exint_pass.o
  CC core/gmm_access.o
  CC core/gmm_pass.o
  CC core/i386-stub.o
  CC core/iccard.o
  CC core/initfunc.o
  CC core/int.o
  CC core/io_io.o
  CC core/io_iohook.o
  CC core/io_iopass.o
  CC core/keyboard.o
  CC core/loadbootsector.o
  CC core/localapic.o
  CC core/main.o
  CC core/mm.o
  CC core/mmio.o
  CC core/msg.o
  CC core/msr.o
  CC core/msr_pass.o
  CC core/nmi_pass.o
  CC core/osloader.o
  CC core/panic.o
  CC core/pcpu.o
  CC core/printf.o
  CC core/process.o
  CC core/putchar.o
  CC core/random.o
  CC core/reboot.o
  CC core/savemsr.o
  CC core/seg.o
  CC core/serial.o
  CC core/sleep.o
  CC core/strtol.o
  CC core/svm.o
  CC core/svm_exitcode.o
  CC core/svm_init.o
  CC core/svm_io.o
  CC core/svm_main.o
  CC core/svm_msr.o
  CC core/svm_np.o
  CC core/svm_paging.o
  CC core/svm_panic.o
  CC core/svm_regs.o
  CC core/sx_init_pass.o
  CC core/tcg.o
  CC core/thread.o
  CC core/time.o
  CC core/timer.o
  CC core/tty.o
  CC core/uefi.o
  CC core/vcpu.o
  CC core/vga.o
  CC core/vmmcall.o
  CC core/vmmcall_boot.o
  CC core/vmmcall_dbgsh.o
  CC core/vmmcall_iccard.o
  CC core/vmmcall_log.o
  CC core/vmmcall_status.o
  CC core/vpn_ve.o
  CC core/vramwrite.o
  CC core/vt.o
  CC core/vt_ept.o
  CC core/vt_exitreason.o
  CC core/vt_init.o
  CC core/vt_io.o
  CC core/vt_main.o
  CC core/vt_msr.o
  CC core/vt_paging.o
  CC core/vt_panic.o
  CC core/vt_regs.o
  CC core/wakeup.o
  CC core/xsetbv.o
  CC core/xsetbv_pass.o
  CC core/arith.o
  CC core/asm.o
  CC core/callrealmode_asm.o
  CC core/calluefi_asm.o
  CC core/entry.o
  CC core/guest_bioshook.o
  CC core/int_handler.o
  CC core/process_sysenter.o
  CC core/string.o
  CC core/sx_handler.o
  CC core/thread_switch.o
  CC core/wakeup_entry.o
  CC core/disconnect.o
  LD core/output.o
  CC drivers/core.o
  CC drivers/dmar.o
  CC drivers/ieee1394.o
  CC drivers/iommu.o
  CC drivers/pci_conceal.o
  CC drivers/pci_core.o
  CC drivers/pci_debug.o
  CC drivers/pci_init.o
  CC drivers/pci_match.o
  CC drivers/pci_match_compat.o
  CC drivers/security.o
  CC drivers/ieee1394log.o
  CC drivers/x540.o
  CC drivers/pci_monitor.o
  CC drivers/ata/ahci.o
  CC drivers/ata/ata_bm.o
  CC drivers/ata/ata_cmd.o
  CC drivers/ata/ata_core.o
  CC drivers/ata/ata_init.o
  CC drivers/ata/ata_pci.o
  CC drivers/ata/ata_vendor.o
  CC drivers/ata/atapi.o
  CC drivers/ata/packet.o
  LD drivers/ata/output.o
  CC drivers/usb/uhci.o
  CC drivers/usb/uhci_debug.o
  CC drivers/usb/uhci_shadow.o
  CC drivers/usb/uhci_trans.o
  CC drivers/usb/ehci.o
  CC drivers/usb/ehci_debug.o
  CC drivers/usb/ehci_shadow.o
  CC drivers/usb/ehci_trans.o
  CC drivers/usb/xhci.o
  CC drivers/usb/xhci_shadow.o
  CC drivers/usb/xhci_trans.o
  CC drivers/usb/usb_mscd.o
  CC drivers/usb/usb_hub.o
  CC drivers/usb/usb_ccid.o
  CC drivers/usb/usb.o
  CC drivers/usb/usb_device.o
  CC drivers/usb/usb_hid.o
  CC drivers/usb/usb_hook.o
  CC drivers/usb/usb_log.o
  LD drivers/usb/output.o
  CC drivers/net/pro100.o
  CC drivers/net/pro1000.o
  CC drivers/net/bnx.o
  CC drivers/net/virtio_net.o
  LD drivers/net/output.o
  LD drivers/output.o
  CC storage/kernel.o
  CC storage/storage_io.o
  CC storage/lib/storage.o
  CC storage/lib/crypto/aes_xts.o
  CC storage/lib/crypto/crypto.o
  CC storage/lib/crypto/none.o
  LD storage/lib/crypto/output.o
  AR storage/lib/output.a
  LD storage/output.o
  CC vpn/kernel.o
  CC vpn/lib/crypt.o
  CC vpn/lib/user.o
  CC vpn/lib/Se/SeConfig.o
  CC vpn/lib/Se/SeCrypto.o
  CC vpn/lib/Se/SeIke.o
  CC vpn/lib/Se/SeInterface.o
  CC vpn/lib/Se/SeIp4.o
  CC vpn/lib/Se/SeIp6.o
  CC vpn/lib/Se/SeKernel.o
  CC vpn/lib/Se/SeMemory.o
  CC vpn/lib/Se/SePacket.o
  CC vpn/lib/Se/SeSec.o
  CC vpn/lib/Se/SeStr.o
  CC vpn/lib/Se/SeVpn.o
  CC vpn/lib/Se/SeVpn4.o
  CC vpn/lib/Se/SeVpn6.o
  LD vpn/lib/Se/output.o
  AR vpn/lib/output.a
  LD vpn/output.o
  CC idman/kernel.o
  CC idman/lib/user.o
  CC idman/lib/ccid/IDMan_CcAtr.o
  CC idman/lib/ccid/IDMan_CcIfdhandler.o
  CC idman/lib/ccid/IDMan_CcInitCard.o
  CC idman/lib/ccid/IDMan_CcProtocol.o
  CC idman/lib/ccid/IDMan_CcReaderControl.o
  CC idman/lib/ccid/IDMan_CcUsb.o
  LD idman/lib/ccid/output.o
  CC idman/lib/iccard/IDMan_ICSCard.o
  LD idman/lib/iccard/output.o
  CC idman/lib/idman_pkcs11/IDMan_IPCommon.o
  CC idman/lib/idman_pkcs11/IDMan_IPgenerateSignature.o
  CC idman/lib/idman_pkcs11/IDMan_IPgetCertificate.o
  CC idman/lib/idman_pkcs11/IDMan_IPgetStaticPassword.o
  CC idman/lib/idman_pkcs11/IDMan_IPuserAuthPKCS11.o
  CC idman/lib/idman_pkcs11/IDMan_IPverifySignature.o
  LD idman/lib/idman_pkcs11/output.o
  CC idman/lib/pcsc/IDMan_PcEventhandler.o
  CC idman/lib/pcsc/IDMan_PcHotplug_libusb.o
  CC idman/lib/pcsc/IDMan_PcProthandler.o
  CC idman/lib/pcsc/IDMan_PcReaderfactory.o
  CC idman/lib/pcsc/IDMan_PcWinscard.o
  LD idman/lib/pcsc/output.o
  CC idman/lib/pkcs11/IDMan_PKCardAccess.o
  CC idman/lib/pkcs11/IDMan_PKCardData.o
  CC idman/lib/pkcs11/IDMan_PKList.o
  CC idman/lib/pkcs11/IDMan_PKPkcs11.o
  LD idman/lib/pkcs11/output.o
  CC idman/lib/standardio/IDMan_StandardIo.o
  LD idman/lib/standardio/output.o
  AR idman/lib/output.a
  LD idman/output.o
  CC net/netapi.o
  LD net/output.o
  CC ip/lwip-1.4.1/src/core/def.o
  CC ip/lwip-1.4.1/src/core/dhcp.o
  CC ip/lwip-1.4.1/src/core/dns.o
  CC ip/lwip-1.4.1/src/core/init.o
  CC ip/lwip-1.4.1/src/core/mem.o
  CC ip/lwip-1.4.1/src/core/memp.o
  CC ip/lwip-1.4.1/src/core/netif.o
  CC ip/lwip-1.4.1/src/core/pbuf.o
  CC ip/lwip-1.4.1/src/core/raw.o
  CC ip/lwip-1.4.1/src/core/stats.o
  CC ip/lwip-1.4.1/src/core/sys.o
  CC ip/lwip-1.4.1/src/core/tcp.o
  CC ip/lwip-1.4.1/src/core/tcp_in.o
  CC ip/lwip-1.4.1/src/core/tcp_out.o
  CC ip/lwip-1.4.1/src/core/udp.o
  CC ip/lwip-1.4.1/src/core/timers.o
  CC ip/lwip-1.4.1/src/core/ipv4/autoip.o
  CC ip/lwip-1.4.1/src/core/ipv4/igmp.o
  CC ip/lwip-1.4.1/src/core/ipv4/inet_chksum.o
  CC ip/lwip-1.4.1/src/core/ipv4/ip.o
  CC ip/lwip-1.4.1/src/core/ipv4/icmp.o
  CC ip/lwip-1.4.1/src/core/ipv4/inet.o
  CC ip/lwip-1.4.1/src/core/ipv4/ip_addr.o
  CC ip/lwip-1.4.1/src/core/ipv4/ip_frag.o
  CC ip/lwip-1.4.1/src/netif/etharp.o
  CC ip/lwip-1.4.1/src/api/api_lib.o
  CC ip/lwip-1.4.1/src/api/api_msg.o
  CC ip/lwip-1.4.1/src/api/err.o
  CC ip/lwip-1.4.1/src/api/netbuf.o
  CC ip/lwip-1.4.1/src/api/netdb.o
  CC ip/lwip-1.4.1/src/api/netifapi.o
  CC ip/lwip-1.4.1/src/api/sockets.o
  CC ip/lwip-1.4.1/src/api/tcpip.o
  CC ip/ip_sys.o
  CC ip/arch/sys_arch.o
  CC ip/ip_main.o
  CC ip/net_main.o
  CC ip/echo-server.o
  CC ip/echo-client.o
  CC ip/echoctl.o
  CC ip/bios_time.o
  CC ip/ctype.o
  CC ip/my_string.o
Makefile.build:141: ターゲット 'ip/my_string.o' のレシピで失敗しました
Makefile.build:132: ターゲット 'ip/output.o_p' のレシピで失敗しました
Makefile:40: ターゲット 'build-all' のレシピで失敗しました
